[debug] [2025-10-11T09:01:54.638Z] ----------------------------------------------------------------------
[debug] [2025-10-11T09:01:54.656Z] Command:       C:\Program Files\nodejs\node.exe C:\Users\ABDUL SALAM\AppData\Roaming\npm\node_modules\firebase-tools\lib\bin\firebase.js init functions
[debug] [2025-10-11T09:01:54.657Z] CLI Version:   14.12.0
[debug] [2025-10-11T09:01:54.658Z] Platform:      win32
[debug] [2025-10-11T09:01:54.658Z] Node Version:  v22.18.0
[debug] [2025-10-11T09:01:54.659Z] Time:          Sat Oct 11 2025 14:01:54 GMT+0500 (Pakistan Standard Time)
[debug] [2025-10-11T09:01:54.659Z] ----------------------------------------------------------------------
[debug] 
[debug] [2025-10-11T09:01:54.665Z] >>> [apiv2][query] GET https://firebase-public.firebaseio.com/cli.json [none]
[debug] [2025-10-11T09:01:55.120Z] Object "" in "firebase.json" has unknown property: {"additionalProperty":"flutter"}
[debug] [2025-10-11T09:01:55.127Z] > command requires scopes: ["email","openid","https://www.googleapis.com/auth/cloudplatformprojects.readonly","https://www.googleapis.com/auth/firebase","https://www.googleapis.com/auth/cloud-platform"]
[debug] [2025-10-11T09:01:55.127Z] > authorizing via signed-in user (donetrans.com@gmail.com)
[debug] [2025-10-11T09:01:55.128Z] Object "" in "firebase.json" has unknown property: {"additionalProperty":"flutter"}
[info] 
     ######## #### ########  ######## ########     ###     ######  ########
     ##        ##  ##     ## ##       ##     ##  ##   ##  ##       ##
     ######    ##  ########  ######   ########  #########  ######  ######
     ##        ##  ##    ##  ##       ##     ## ##     ##       ## ##
     ##       #### ##     ## ######## ########  ##     ##  ######  ########

You're about to initialize a Firebase project in this directory:

  D:\Flutter_Projects\Enes\Haus_des_Doners_Control_App

Before we get started, keep in mind:

  * You are initializing within an existing Firebase project directory

